// Bun Snapshot v1, https://bun.sh/docs/test/snapshots

exports[`design tokens snapshot — guards accidental changes 1`] = `
{
  "borderWidth": {
    "base": 1.5,
    "emphasis": 5,
    "emphasisMax": 10,
    "thick": 2,
    "thin": 1,
  },
  "colors": {
    "acBlue": "#2E63B8",
    "acDgreen": "#4C7330",
    "acGold": "#B98A1E",
    "acGreen": "#5E8B39",
    "acNavy": "#2742A0",
    "acPurple": "#7A4FA0",
    "bg": "#FFFFFF",
    "blueSoft": "#DCE9F4",
    "borderStrong": "#1A1A1A",
    "clay": "#161618",
    "clayPress": "#000000",
    "claySoft": "#EAF6D6",
    "claySofter": "#F3FAE7",
    "clayText": "#5C8C1E",
    "court": "#2270BC",
    "court2": "#1A5694",
    "frozen": "#5E7CB4",
    "frozenSoft": "#E6EDF7",
    "info": "#2270BC",
    "lime": "#8FD43B",
    "limeBright": "#9BE048",
    "limeDeep": "#5C8C1E",
    "limeSoft": "#EAF6D6",
    "loss": "#E0463C",
    "lvAmator": "#2E63B8",
    "lvCaylak": "#5E8B39",
    "lvCekirge": "#6F8B47",
    "lvElit": "#2B357A",
    "lvRekabet": "#2742A0",
    "lvSampiyon": "#B98A1E",
    "lvUsta": "#2A3A8E",
    "onLime": "#161618",
    "pink": "#F73FBE",
    "pinkDeep": "#C81E92",
    "pinkSoft": "#FFE3F6",
    "star": "#F5B924",
    "surface": "#FFFFFF",
    "surface2": "#F3F3F1",
    "surface3": "#E8E8E4",
    "text": "#161618",
    "text2": "#65656E",
    "text3": "#A2A2AA",
    "warn": "#E0992B",
    "warnSoft": "#FBEFD6",
    "win": "#5C8C1E",
  },
  "fontFamily": {
    "display": "BricolageGrotesque-ExtraBold",
    "num": "SpaceGrotesk-ExtraBold",
    "sans": "PlusJakartaSans",
  },
  "motion": {
    "curves": {
      "ball": {
        "__type": "bezier",
        "points": [
          0.34,
          1.4,
          0.5,
          1,
        ],
      },
      "outQuint": {
        "__type": "bezier",
        "points": [
          0.22,
          1,
          0.36,
          1,
        ],
      },
      "popIn": {
        "__type": "bezier",
        "points": [
          0.2,
          0.9,
          0.3,
          1.1,
        ],
      },
      "slideUp": {
        "__type": "bezier",
        "points": [
          0.2,
          0.8,
          0.2,
          1,
        ],
      },
    },
    "durations": {
      "fast": 180,
      "normal": 280,
      "pulse": 1400,
      "slow": 420,
    },
  },
  "radius": {
    "lg": 26,
    "md": 18,
    "pill": 9999,
    "sm": 14,
    "xl": 34,
    "xs": 10,
  },
  "spacing": {
    "1": 4,
    "2": 8,
    "3": 12,
    "4": 16,
    "5": 20,
    "6": 24,
    "7": 32,
    "8": 40,
  },
  "typography": {
    "body": {
      "fontFamily": "PlusJakartaSans",
      "fontSize": 14,
      "fontWeight": "500",
      "lineHeight": 21,
    },
    "bodyLg": {
      "fontFamily": "PlusJakartaSans",
      "fontSize": 15.5,
      "fontWeight": "700",
      "lineHeight": 22,
    },
    "caption": {
      "fontFamily": "PlusJakartaSans",
      "fontSize": 12.5,
      "fontWeight": "600",
      "lineHeight": 18,
    },
    "display": {
      "fontFamily": "BricolageGrotesque-ExtraBold",
      "fontSize": 46,
      "fontWeight": "800",
      "letterSpacing": -1.38,
      "lineHeight": 44,
    },
    "h1": {
      "fontFamily": "BricolageGrotesque-ExtraBold",
      "fontSize": 27,
      "fontWeight": "800",
      "letterSpacing": -0.54,
      "lineHeight": 28,
    },
    "h2": {
      "fontFamily": "BricolageGrotesque-ExtraBold",
      "fontSize": 21,
      "fontWeight": "800",
      "letterSpacing": -0.42,
      "lineHeight": 23,
    },
    "h3": {
      "fontFamily": "PlusJakartaSans",
      "fontSize": 18,
      "fontWeight": "800",
      "letterSpacing": -0.18,
      "lineHeight": 22,
    },
    "label": {
      "fontFamily": "PlusJakartaSans",
      "fontSize": 11,
      "fontWeight": "800",
      "letterSpacing": 1.1,
    },
    "num": {
      "fontFamily": "SpaceGrotesk-ExtraBold",
      "fontWeight": "800",
      "letterSpacing": -0.28,
    },
  },
}
`;
